// Jest Snapshot v1, https://goo.gl/fbAQLP

exports[`Checkbox should match snapshot 1`] = `
<div>
  <div
    class="gc-checkbox inline-block undefined"
  >
    <label
      class="ant-checkbox-wrapper flex items-start"
    >
      <span
        class="ant-checkbox"
      >
        <input
          class="ant-checkbox-input"
          type="checkbox"
          value=""
        />
        <span
          class="ant-checkbox-inner"
        />
      </span>
    </label>
  </div>
</div>
`;
